---
source: src/views/review_create_view.rs
expression: render_app_to_terminal_backend(app)
---
"                                                                                                                                                                "
"                                                                                                                                                                "
"                                                                                                                                                                "
"                                                                                                                                                                "
"                                                                                                                                                                "
"                                                                                                                                                                "
"                                                                                                                                                                "
"                                                                                                                                                                "
"                ╭Create New Review - Select Branches───────────────────────────────────────────────────────────────────────────────────────────╮                "
"                │┌Base Branch──────────────────────────────────────────────────┐┌Target Branch────────────────────────────────────────────────┐│                "
"                ││> main                                                       ││  main                                                       ││                "
"                ││  develop                                                    ││  develop                                                    ││                "
"                ││  feature/new-feature                                        ││> feature/new-feature                                        ││                "
"                ││                                                             ││                                                             ││                "
"                ││                                                             ││                                                             ││                "
"                ││                                                             ││                                                             ││                "
"                ││                                                             ││                                                             ││                "
"                ││                                                             ││                                                             ││                "
"                ││                                                             ││                                                             ││                "
"                ││                                                             ││                                                             ││                "
"                ││                                                             ││                                                             ││                "
"                ││                                                             ││                                                             ││                "
"                ││                                                             ││                                                             ││                "
"                ││                                                             ││                                                             ││                "
"                ││                                                             ││                                                             ││                "
"                ││                                                             ││                                                             ││                "
"                ││                                                             ││                                                             ││                "
"                ││                                                             ││                                                             ││                "
"                ││                                                             ││                                                             ││                "
"                ││                                                             ││                                                             ││                "
"                │↑↓: Navigate, Tab: Switch lists, Enter: Create, Esc: Cancel───┘└─────────────────────────────────────────────────────────────┘│                "
"                ╰──────────────────────────────────────────────────────────────────────────────────────────────────────────────────────────────╯                "
"                                                                                                                                                                "
"                                                                                                                                                                "
"                                                                                                                                                                "
"                                                                                                                                                                "
"                                                                                                                                                                "
"                                                                                                                                                                "
"                                                                                                                                                                "
"                                                                                                                                                                "
