---
source: src/views/review_details_view.rs
expression: render_app_to_terminal_backend(app)
---
"┌ Review Details ──────────────────────────────────────────────────────────────────────────────────────────────────────────────────────────────────────────────┐"
"│┌ Review Details ────────────────────────────────────────────────────────────────────────────────────────────────────────────────────────────────────────────┐│"
"││main (unknown) -> default (unknown)                                                                                                                         ││"
"│└────────────────────────────────────────────────────────────────────────────────────────────────────────────────────────────────────────────────────────────┘│"
"│┌ Git Diff ──────────────────────────────────────────────────────────────────────────────────────────────────────────────────────────────────────────────────┐│"
"││No git SHAs available for diff. SHAs are required to show git diff.                                                                                         ││"
"││                                                                                                                                                            ││"
"││                                                                                                                                                            ││"
"││                                                                                                                                                            ││"
"││                                                                                                                                                            ││"
"││                                                                                                                                                            ││"
"││                                                                                                                                                            ││"
"││                                                                                                                                                            ││"
"││                                                                                                                                                            ││"
"││                                                                                                                                                            ││"
"││                                                                                                                                                            ││"
"││                                                                                                                                                            ││"
"││                                                                                                                                                            ││"
"││                                                                                                                                                            ││"
"││                                                                                                                                                            ││"
"││                                                                                                                                                            ││"
"││                                                                                                                                                            ││"
"││                                                                                                                                                            ││"
"││                                                                                                                                                            ││"
"││                                                                                                                                                            ││"
"││                                                                                                                                                            ││"
"││                                                                                                                                                            ││"
"││                                                                                                                                                            ││"
"││                                                                                                                                                            ││"
"││                                                                                                                                                            ││"
"││                                                                                                                                                            ││"
"││                                                                                                                                                            ││"
"││                                                                                                                                                            ││"
"││                                                                                                                                                            ││"
"││                                                                                                                                                            ││"
"││                                                                                                                                                            ││"
"││                                                                                                                                                            ││"
"││                                                                                                                                                            ││"
"│└────────────────────────────────────────────────────────────────────────────────────────────────────────────────────────────────────────────────────────────┘│"
"└──────────────────────────────────────────────────────────────────────────────────────────────────────────────────────────────────────────────────────────────┘"
