---
source: src/views/main.rs
expression: terminal.backend()
---
"┌git-local-review──────────────────────────────────────────────────────────────┐"
"│Git Local Review - Press 'n' to create a new review, 'q' to quit              │"
"└──────────────────────────────────────────────────────────────────────────────┘"
"┌Reviews───────────────────────────────────────────────────────────────────────┐"
"│Initializing...                                                               │"
"│                                                                              │"
"│                                                                              │"
"│                                                                              │"
"│                                                                              │"
"│                                                                              │"
"│                                                                              │"
"│                                                                              │"
"│                                                                              │"
"│                                                                              │"
"│                                                                              │"
"│                                                                              │"
"│                                                                              │"
"│                                                                              │"
"│                                                                              │"
"└──────────────────────────────────────────────────────────────────────────────┘"
