---
source: src/views/help_modal.rs
expression: render_app_to_terminal_backend(app)
---
"                                                                                                                                                                "
"                                                                                                                                                                "
"                                                                                                                                                                "
"                                                                                                                                                                "
"                        ╭Help - Key Bindings───────────────────────────────────────────────────────────────────────────────────────────╮                        "
"                        │► q / Ctrl+C           Quit application                                                                       │                        "
"                        │  n                    Create new review                                                                      │                        "
"                        │  Up / Down / k / j    Navigate review selection                                                              │                        "
"                        │  d                    Delete selected review                                                                 │                        "
"                        │  o / Space / Enter    Open review details                                                                    │                        "
"                        │  r                    Refresh review SHAs                                                                    │                        "
"                        │                                                                                                              │                        "
"                        │                                                                                                              │                        "
"                        │                                                                                                              │                        "
"                        │                                                                                                              │                        "
"                        │                                                                                                              │                        "
"                        │                                                                                                              │                        "
"                        │                                                                                                              │                        "
"                        │                                                                                                              │                        "
"                        │                                                                                                              │                        "
"                        │                                                                                                              │                        "
"                        │                                                                                                              │                        "
"                        │                                                                                                              │                        "
"                        │                                                                                                              │                        "
"                        │                                                                                                              │                        "
"                        │                                                                                                              │                        "
"                        │                                                                                                              │                        "
"                        │                                                                                                              │                        "
"                        │                                                                                                              │                        "
"                        │                                                                                                              │                        "
"                        │                                                                                                              │                        "
"                        │                                                                                                              │                        "
"                        │                                                                                                              │                        "
"                        │Use ↑/↓ or j/k to navigate, Enter to execute, Esc to close                                                    │                        "
"                        │                                                                                                              │                        "
"                        ╰──────────────────────────────────────────────────────────────────────────────────────────────────────────────╯                        "
"                                                                                                                                                                "
"                                                                                                                                                                "
"                                                                                                                                                                "
"                                                                                                                                                                "
