---
source: src/views/main.rs
expression: get_terminal_backend(app)
---
"┌git-local-review──────────────────────────────────────────────────────────────┐"
"│Git Local Review - Press 'n' to create a new review, 'q' to quit              │"
"└──────────────────────────────────────────────────────────────────────────────┘"
"┌Reviews───────────────────────────────────────────────────────────────────────┐"
"│Loading reviews...                                                            │"
"│                                                                              │"
"│                                                                              │"
"│                                                                              │"
"│                                                                              │"
"│                                                                              │"
"│                                                                              │"
"│                                                                              │"
"│                                                                              │"
"│                                                                              │"
"│                                                                              │"
"│                                                                              │"
"│                                                                              │"
"│                                                                              │"
"│                                                                              │"
"└──────────────────────────────────────────────────────────────────────────────┘"
