---
source: src/views/review_create.rs
expression: "get_review_create_view_terminal_backend(&app, &view)"
---
"                                                                                "
"                                                                                "
"                                                                                "
"                                                                                "
"                                                                                "
"                                                                                "
"                ╭Create New Review─────────────────────────────╮                "
"                │Title:                                        │                "
"                │┌────────────────────────────────────────────┐│                "
"                ││                                            ││                "
"                │└────────────────────────────────────────────┘│                "
"                │Press Enter to create, Esc to cancel          │                "
"                │                                              │                "
"                ╰──────────────────────────────────────────────╯                "
"                                                                                "
"                                                                                "
"                                                                                "
"                                                                                "
"                                                                                "
"                                                                                "
