---
source: src/views/review_details_view.rs
expression: render_app_to_terminal_backend(app)
---
"┌ Review Details ──────────────────────────────────────────────────────────────────────────────────────────────────────────────────────────────────────────────┐"
"│┌ Title ─────────────────────────────────────────────────────────────────────────────────────────────────────────────────────────────────────────────────────┐│"
"││feature (jkl0987) -> default (unknown)                                                                                                                      ││"
"│└────────────────────────────────────────────────────────────────────────────────────────────────────────────────────────────────────────────────────────────┘│"
"│┌────────────────────────────────────────────────────────────────────────────────────────────────────────────────────────────────────────────────────────────┐│"
"││Diff error: Repository not found                                                                                                                            ││"
"││                                                                                                                                                            ││"
"││                                                                                                                                                            ││"
"││                                                                                                                                                            ││"
"││                                                                                                                                                            ││"
"││                                                                                                                                                            ││"
"││                                                                                                                                                            ││"
"││                                                                                                                                                            ││"
"││                                                                                                                                                            ││"
"││                                                                                                                                                            ││"
"││                                                                                                                                                            ││"
"││                                                                                                                                                            ││"
"││                                                                                                                                                            ││"
"││                                                                                                                                                            ││"
"││                                                                                                                                                            ││"
"││                                                                                                                                                            ││"
"││                                                                                                                                                            ││"
"││                                                                                                                                                            ││"
"││                                                                                                                                                            ││"
"││                                                                                                                                                            ││"
"││                                                                                                                                                            ││"
"││                                                                                                                                                            ││"
"││                                                                                                                                                            ││"
"││                                                                                                                                                            ││"
"││                                                                                                                                                            ││"
"││                                                                                                                                                            ││"
"││                                                                                                                                                            ││"
"││                                                                                                                                                            ││"
"││                                                                                                                                                            ││"
"││                                                                                                                                                            ││"
"││                                                                                                                                                            ││"
"││                                                                                                                                                            ││"
"││                                                                                                                                                            ││"
"│└────────────────────────────────────────────────────────────────────────────────────────────────────────────────────────────────────────────────────────────┘│"
"└──────────────────────────────────────────────────────────────────────────────────────────────────────────────────────────────────────────────────────────────┘"
