---
source: src/views/main_view.rs
expression: render_app_to_terminal_backend(app)
---
"┌git-local-review──────────────────────────────────────────────────────────────────────────────────────────────────────────────────────────────────────────────┐"
"│Git Local Review - Press '?' for help                                                                                                                         │"
"└──────────────────────────────────────────────────────────────────────────────────────────────────────────────────────────────────────────────────────────────┘"
"┌Reviews───────────────────────────────────────────────────────────────────────────────────────────────────────────────────────────────────────────────────────┐"
"│> dev (bbcd123) -> default (unknown) (2025-01-01 01:00)                                                                                                       │"
"│  main (abcd123) -> default (unknown) (2025-01-01 00:00)                                                                                                      │"
"│                                                                                                                                                              │"
"│                                                                                                                                                              │"
"│                                                                                                                                                              │"
"│                                                                                                                                                              │"
"│                                                                                                                                                              │"
"│                                                                                                                                                              │"
"│                                                                                                                                                              │"
"│                                                                                                                                                              │"
"│                                                                                                                                                              │"
"│                                                                                                                                                              │"
"│                                                                                                                                                              │"
"│                                                                                                                                                              │"
"│                                                                                                                                                              │"
"│                                                                                                                                                              │"
"│                                                                                                                                                              │"
"│                                                                                                                                                              │"
"│                                                                                                                                                              │"
"│                                                                                                                                                              │"
"│                                                                                                                                                              │"
"│                                                                                                                                                              │"
"│                                                                                                                                                              │"
"│                                                                                                                                                              │"
"│                                                                                                                                                              │"
"│                                                                                                                                                              │"
"│                                                                                                                                                              │"
"│                                                                                                                                                              │"
"│                                                                                                                                                              │"
"│                                                                                                                                                              │"
"│                                                                                                                                                              │"
"│                                                                                                                                                              │"
"│                                                                                                                                                              │"
"│                                                                                                                                                              │"
"│                                                                                                                                                              │"
"└──────────────────────────────────────────────────────────────────────────────────────────────────────────────────────────────────────────────────────────────┘"
