---
source: src/views/review_create_view.rs
expression: render_app_to_terminal_backend(app)
---
"                                                                                                                                                                "
"                                                                                                                                                                "
"                                                                                                                                                                "
"                                                                                                                                                                "
"                                                                                                                                                                "
"                                                                                                                                                                "
"                                                                                                                                                                "
"                                                                                                                                                                "
"                                                                                                                                                                "
"                                                                                                                                                                "
"                                                                                                                                                                "
"                                                                                                                                                                "
"                                ╭Create New Review─────────────────────────────────────────────────────────────────────────────╮                                "
"                                │Base Branch:                                                                                  │                                "
"                                │┌────────────────────────────────────────────────────────────────────────────────────────────┐│                                "
"                                ││main                                                                                        ││                                "
"                                │└────────────────────────────────────────────────────────────────────────────────────────────┘│                                "
"                                │Target Branch:                                                                                │                                "
"                                │┌────────────────────────────────────────────────────────────────────────────────────────────┐│                                "
"                                ││feature/new-feature                                                                         ││                                "
"                                │└────────────────────────────────────────────────────────────────────────────────────────────┘│                                "
"                                │Press Tab to switch fields, Enter to create, Esc to cancel                                    │                                "
"                                │                                                                                              │                                "
"                                │                                                                                              │                                "
"                                │                                                                                              │                                "
"                                │                                                                                              │                                "
"                                │                                                                                              │                                "
"                                ╰──────────────────────────────────────────────────────────────────────────────────────────────╯                                "
"                                                                                                                                                                "
"                                                                                                                                                                "
"                                                                                                                                                                "
"                                                                                                                                                                "
"                                                                                                                                                                "
"                                                                                                                                                                "
"                                                                                                                                                                "
"                                                                                                                                                                "
"                                                                                                                                                                "
"                                                                                                                                                                "
"                                                                                                                                                                "
"                                                                                                                                                                "
