---
source: src/views/review_create_view.rs
expression: render_app_to_terminal_backend(app)
---
"                                                                                                                                                                "
"                                                                                                                                                                "
"                                                                                                                                                                "
"                                                                                                                                                                "
"                                                                                                                                                                "
"                                                                                                                                                                "
"                                                                                                                                                                "
"                                                                                                                                                                "
"                ╭Create New Review - Select Branches───────────────────────────────────────────────────────────────────────────────────────────╮                "
"                │Initializing...                                                                                                               │                "
"                │                                                                                                                              │                "
"                │                                                                                                                              │                "
"                │                                                                                                                              │                "
"                │                                                                                                                              │                "
"                │                                                                                                                              │                "
"                │                                                                                                                              │                "
"                │                                                                                                                              │                "
"                │                                                                                                                              │                "
"                │                                                                                                                              │                "
"                │                                                                                                                              │                "
"                │                                                                                                                              │                "
"                │                                                                                                                              │                "
"                │                                                                                                                              │                "
"                │                                                                                                                              │                "
"                │                                                                                                                              │                "
"                │                                                                                                                              │                "
"                │                                                                                                                              │                "
"                │                                                                                                                              │                "
"                │                                                                                                                              │                "
"                │                                                                                                                              │                "
"                │                                                                                                                              │                "
"                ╰──────────────────────────────────────────────────────────────────────────────────────────────────────────────────────────────╯                "
"                                                                                                                                                                "
"                                                                                                                                                                "
"                                                                                                                                                                "
"                                                                                                                                                                "
"                                                                                                                                                                "
"                                                                                                                                                                "
"                                                                                                                                                                "
"                                                                                                                                                                "
